fallback @ 2:14 2:15
expr @ 2:14 2:15 => ?0t
expr @ 2:17 2:20 => str*
expr @ 2:13 2:21 => ?0t[2]
expr @ 1:11 4:1 => ()

