expr @ 5:8 6:0 => ()
expr @ 14:5 14:7 => fn x(...)
expr @ 14:5 14:9 => ()
expr @ 15:5 15:7 => fn x(...)
expr @ 15:5 15:9 => ()
expr @ 16:5 16:7 => fn x(...)
expr @ 16:5 16:9 => ()
expr @ 17:5 17:7 => fn x(...)
expr @ 17:5 17:9 => ()
expr @ 18:5 18:7 => fn x(...)
expr @ 18:5 18:9 => ()
expr @ 19:5 19:7 => fn x(...)
expr @ 19:5 19:9 => ()
expr @ 20:5 20:7 => fn x(...)
expr @ 20:5 20:9 => ()
expr @ 13:11 22:0 => ()



define void @root$f6() {
prologue:
br label %bb.0

bb.0:
ret void

}

define void @main() {
prologue:
br label %bb.0

bb.0:
%l.0 = call {} bitcast(void()* @root$f6 to {}()*)()
br label %bb.1

bb.1:
%l.1 = call {} bitcast(void()* @root$f6 to {}()*)()
br label %bb.2

bb.2:
%l.2 = call {} bitcast(void()* @root$f6 to {}()*)()
br label %bb.3

bb.3:
%l.3 = call {} bitcast(void()* @root$f6 to {}()*)()
br label %bb.4

bb.4:
%l.4 = call {} bitcast(void()* @root$f6 to {}()*)()
br label %bb.5

bb.5:
%l.5 = call {} bitcast(void()* @root$f6 to {}()*)()
br label %bb.6

bb.6:
%l.6 = call {} bitcast(void()* @root$f6 to {}()*)()
br label %bb.7

bb.7:
ret void

}


