fallback @ 4:31 4:32
expr @ 4:23 4:30 => extern "intrinsic" fn bitcast(...)
expr @ 4:31 4:32 => ?2t
expr @ 4:23 4:33 => ?1t
expr @ 8:5 8:6 => {x: i32}
expr @ 8:5 8:8 => i32
expr @ 11:18 11:19 => i64
expr @ 12:12 12:13 => i32
expr @ 12:5 12:13 => never
expr @ 3:16 14:1 => ()

