
    throw new Error('Todo: ' + what);
    ^

Error: Todo: Alias












