expr @ 2:13 3:0 => ()
expr @ 3:11 4:1 => ()



define void @main() {
prologue:
br label %bb.0

bb.0:
ret void

}


