expr @ 2:12 2:14 => i32
expr @ 2:5 2:14 => never
expr @ 1:24 4:0 => void
expr @ 6:12 6:15 => fn foo(...)
expr @ 6:12 6:17 => i32
expr @ 6:5 6:17 => never
expr @ 5:22 8:1 => void

